// Jest Snapshot v1, https://goo.gl/fbAQLP

exports[`Listing Test should render 1`] = `<div />`;
